[INFO] Scanning for projects...
[INFO] 
[INFO] ---------------------< org.microsoft:Qintelipass >----------------------
[INFO] Building Qintelipass 0.0.1-SNAPSHOT
[INFO]   from pom.xml
[INFO] --------------------------------[ jar ]---------------------------------
[INFO] 
[INFO] --- clean:3.5.0:clean (default-clean) @ Qintelipass ---
[INFO] Deleting F:\Microsoft\QZhipass\target
[INFO] 
[INFO] --- resources:3.5.0:resources (default-resources) @ Qintelipass ---
[INFO] Copying 1 resource from src\main\resources to target\classes
[INFO] Copying 0 resource from src\main\resources to target\classes
[INFO] 
[INFO] --- compiler:3.15.0:compile (default-compile) @ Qintelipass ---
[INFO] Recompiling the module because of changed source code.
[INFO] Compiling 102 source files with javac [debug parameters release 21] to target\classes
WARNING: A terminally deprecated method in sun.misc.Unsafe has been called
WARNING: sun.misc.Unsafe::objectFieldOffset has been called by lombok.permit.Permit
WARNING: Please consider reporting this to the maintainers of class lombok.permit.Permit
WARNING: sun.misc.Unsafe::objectFieldOffset will be removed in a future release
[WARNING] /F:/Microsoft/QZhipass/src/main/java/org/microsoft/qintelipass/models/DailyConfig.java:[20,18] @Builder will ignore the initializing expression entirely. If you want the initializing expression to serve as default, add @Builder.Default. If it is not supposed to be settable during building, make the field final.
[WARNING] /F:/Microsoft/QZhipass/src/main/java/org/microsoft/qintelipass/models/DailyConfig.java:[28,28] @Builder will ignore the initializing expression entirely. If you want the initializing expression to serve as default, add @Builder.Default. If it is not supposed to be settable during building, make the field final.
[WARNING] /F:/Microsoft/QZhipass/src/main/java/org/microsoft/qintelipass/models/User.java:[24,18] @Builder will ignore the initializing expression entirely. If you want the initializing expression to serve as default, add @Builder.Default. If it is not supposed to be settable during building, make the field final.
[WARNING] /F:/Microsoft/QZhipass/src/main/java/org/microsoft/qintelipass/models/User.java:[33,22] @Builder will ignore the initializing expression entirely. If you want the initializing expression to serve as default, add @Builder.Default. If it is not supposed to be settable during building, make the field final.
[WARNING] /F:/Microsoft/QZhipass/src/main/java/org/microsoft/qintelipass/models/User.java:[36,24] @Builder will ignore the initializing expression entirely. If you want the initializing expression to serve as default, add @Builder.Default. If it is not supposed to be settable during building, make the field final.
[WARNING] /F:/Microsoft/QZhipass/src/main/java/org/microsoft/qintelipass/models/User.java:[43,28] @Builder will ignore the initializing expression entirely. If you want the initializing expression to serve as default, add @Builder.Default. If it is not supposed to be settable during building, make the field final.
[WARNING] /F:/Microsoft/QZhipass/src/main/java/org/microsoft/qintelipass/models/TokenUsageLog.java:[24,18] @Builder will ignore the initializing expression entirely. If you want the initializing expression to serve as default, add @Builder.Default. If it is not supposed to be settable during building, make the field final.
[WARNING] /F:/Microsoft/QZhipass/src/main/java/org/microsoft/qintelipass/models/TokenUsageLog.java:[34,28] @Builder will ignore the initializing expression entirely. If you want the initializing expression to serve as default, add @Builder.Default. If it is not supposed to be settable during building, make the field final.
[WARNING] /F:/Microsoft/QZhipass/src/main/java/org/microsoft/qintelipass/models/TokenDailySummary.java:[25,18] @Builder will ignore the initializing expression entirely. If you want the initializing expression to serve as default, add @Builder.Default. If it is not supposed to be settable during building, make the field final.
[WARNING] /F:/Microsoft/QZhipass/src/main/java/org/microsoft/qintelipass/models/TokenDailySummary.java:[33,28] @Builder will ignore the initializing expression entirely. If you want the initializing expression to serve as default, add @Builder.Default. If it is not supposed to be settable during building, make the field final.
[WARNING] /F:/Microsoft/QZhipass/src/main/java/org/microsoft/qintelipass/dtos/UserDTO.java:[16,18] @Builder will ignore the initializing expression entirely. If you want the initializing expression to serve as default, add @Builder.Default. If it is not supposed to be settable during building, make the field final.
[WARNING] /F:/Microsoft/QZhipass/src/main/java/org/microsoft/qintelipass/dtos/UserDTO.java:[19,24] @Builder will ignore the initializing expression entirely. If you want the initializing expression to serve as default, add @Builder.Default. If it is not supposed to be settable during building, make the field final.
[WARNING] /F:/Microsoft/QZhipass/src/main/java/org/microsoft/qintelipass/dtos/UserDTO.java:[22,28] @Builder will ignore the initializing expression entirely. If you want the initializing expression to serve as default, add @Builder.Default. If it is not supposed to be settable during building, make the field final.
[INFO] /F:/Microsoft/QZhipass/src/main/java/org/microsoft/qintelipass/services/UserCacheService.java: F:\Microsoft\QZhipass\src\main\java\org\microsoft\qintelipass\services\UserCacheService.java使用或覆盖了已过时的 API。
[INFO] /F:/Microsoft/QZhipass/src/main/java/org/microsoft/qintelipass/services/UserCacheService.java: 有关详细信息, 请使用 -Xlint:deprecation 重新编译。
[INFO] /F:/Microsoft/QZhipass/src/main/java/org/microsoft/qintelipass/controllers/AuthController.java: 某些输入文件使用了未经检查或不安全的操作。
[INFO] /F:/Microsoft/QZhipass/src/main/java/org/microsoft/qintelipass/controllers/AuthController.java: 有关详细信息, 请使用 -Xlint:unchecked 重新编译。
[INFO] ------------------------------------------------------------------------
[INFO] BUILD SUCCESS
[INFO] ------------------------------------------------------------------------
[INFO] Total time:  13.561 s
[INFO] Finished at: 2026-07-07T17:12:11+08:00
[INFO] ------------------------------------------------------------------------
